// Jest Snapshot v1, https://goo.gl/fbAQLP

exports[`Image basic snapshot renders 1`] = `
.c0 {
  margin: 36px 0;
}

.c1 {
  padding: 16px;
  font-size: 16px;
  font-weight: 600;
  background: lightgray;
  margin-bottom: 16px;
}

<div
  className="c0"
>
  <div
    className="c1"
  >
    faketitle
  </div>
  fake children
</div>
`;
